[
  {
    "make": "BMW",
    "model": "3.25i",
    "year": "2013",
    "type": "Saloon",
    "zeroToSixty": 9.5,
    "price": 15000
  },
  {
    "make": "Audi",
    "model": "S4",
    "year": "2015",
    "type": "Saloon",
    "zeroToSixty": 8.3,
    "price": 17500
  },
  {
    "make": "Mercedes",
    "model": "C200",
    "year": "2018",
    "type": "Saloon",
    "zeroToSixty": 8.0,
    "price": 25000
  }
]